MPLINK 5.08, LINKER
Linker Map File - Created Wed Sep 19 19:32:50 2018

                                 Section Info
                  Section       Type    Address   Location Size(Bytes)
                ---------  ---------  ---------  ---------  ---------
                   .org_0       code   0x000000    program   0x000028
                   .cinit    romdata   0x000028    program   0x000002
.config_300001_BUILD/DEFAULT/PRODUCTION/PRACTIC    romdata   0x300001    program   0x000001
.config_300003_BUILD/DEFAULT/PRODUCTION/PRACTIC    romdata   0x300003    program   0x000001
.config_300005_BUILD/DEFAULT/PRODUCTION/PRACTIC    romdata   0x300005    program   0x000001
.config_300006_BUILD/DEFAULT/PRODUCTION/PRACTIC    romdata   0x300006    program   0x000001



                              Program Memory Usage 
                               Start         End      
                           ---------   ---------      
                            0x000000    0x000029      
                            0x300001    0x300001      
                            0x300003    0x300003      
                            0x300005    0x300006      
            46 out of 33048 program addresses used, program memory utilization is 0%



                              Symbols - Sorted by Name
                     Name    Address   Location    Storage File                     
                ---------  ---------  ---------  --------- ---------                
                 MainLoop   0x000018    program     static C:\Users\USUARIO\OneDrive\Semestre Agosto-Diciembre_2018\Microcontroladores y Microprecesadores\Practicas\Practica_2\Practica_2.X\Practica_2.asm
                    Start   0x000000    program     static C:\Users\USUARIO\OneDrive\Semestre Agosto-Diciembre_2018\Microcontroladores y Microprecesadores\Practicas\Practica_2\Practica_2.X\Practica_2.asm
                     conv   0x00001a    program     static C:\Users\USUARIO\OneDrive\Semestre Agosto-Diciembre_2018\Microcontroladores y Microprecesadores\Practicas\Practica_2\Practica_2.X\Practica_2.asm



                              Symbols - Sorted by Address
                     Name    Address   Location    Storage File                     
                ---------  ---------  ---------  --------- ---------                
                    Start   0x000000    program     static C:\Users\USUARIO\OneDrive\Semestre Agosto-Diciembre_2018\Microcontroladores y Microprecesadores\Practicas\Practica_2\Practica_2.X\Practica_2.asm
                 MainLoop   0x000018    program     static C:\Users\USUARIO\OneDrive\Semestre Agosto-Diciembre_2018\Microcontroladores y Microprecesadores\Practicas\Practica_2\Practica_2.X\Practica_2.asm
                     conv   0x00001a    program     static C:\Users\USUARIO\OneDrive\Semestre Agosto-Diciembre_2018\Microcontroladores y Microprecesadores\Practicas\Practica_2\Practica_2.X\Practica_2.asm


